---
source: tests/integration/full_shard_snapshot.rs
---
{
  "author": {
    "date": "2025-08-12T14:03:00-05:00",
    "email": "fixture@example.com",
    "name": "Fixture Bot"
  },
  "body": "",
  "committer": {
    "date": "Tue, 12 Aug 2025 14:03:00 -0500",
    "email": "fixture@example.com",
    "name": "Fixture Bot"
  },
  "diffstat_text": "1 file changed, 1 insertion(+)",
  "files": [
    {
      "additions": 1,
      "deletions": 0,
      "file": "app/models/user.rb",
      "status": "A"
    }
  ],
  "parents": [],
  "patch_references": {
    "embed": false,
    "git_show_cmd": "git show --patch --format= --no-color [git-sha]"
  },
  "sha": "[sha]",
  "short_sha": "[short]",
  "subject": "feat: add user model",
  "timestamps": {
    "author": 0,
    "author_local": "[local]",
    "commit": 0,
    "commit_local": "[local]",
    "timezone": "utc"
  }
}
